[2026-09-16 17:05:54,872] 11 __main__ -INFO -TRAINING PIPELINE STARTED....
[2026-09-16 17:05:54,872] 23 src.components.data_ingestion -INFO -Data Ingestion started....
[2026-09-16 17:05:54,876] 26 src.components.data_ingestion -INFO -Data read successfullywith shape: (100, 6)
[2026-09-16 17:05:54,877] 31 src.components.data_ingestion -INFO -Performing train-test-split
[2026-09-16 17:05:54,889] 37 src.components.data_ingestion -INFO -Data Ingestion completed successfully...
[2026-09-16 17:05:54,889] 38 src.components.data_ingestion -INFO -Jo log online class le rhe h , unko bhi congration , unka bhi data ingestion ho chuka h , leptop per apna hath rkh kr apne aap ko pawan kare.
[2026-09-16 17:05:54,889] 39 src.components.data_ingestion -INFO -----------
[2026-09-16 17:05:54,889] 40 src.components.data_ingestion -INFO -Jinka net nhi chl rha online me , unka bhi data ingestion complete
[2026-09-16 17:05:54,890] 61 src.components.data_transformation -INFO -Train and test data loaded for transformation
[2026-09-16 17:05:54,890] 51 src.components.data_transformation -INFO -preprocessor object created successfully...
[2026-09-16 17:05:54,890] 70 src.components.data_transformation -INFO -Applying preprocessing oon train and test data
[2026-09-16 17:05:54,896] 15 src.utils -INFO -Object saved successfully at : artifacts/preprocessor.pkl
[2026-09-16 17:05:54,896] 81 src.components.data_transformation -INFO -Preprcoessor bject saved as preprocessor.pkl
[2026-09-16 17:05:54,896] 23 src.components.model_trainer -INFO -Spliting train and test input data
[2026-09-16 17:05:54,908] 34 src.utils -INFO -LogisiticRegression -> Test Accuracy: 0.35
[2026-09-16 17:05:54,909] 34 src.utils -INFO -DecisionTree -> Test Accuracy: 0.35
[2026-09-16 17:05:54,928] 34 src.utils -INFO -RandomForest -> Test Accuracy: 0.35
[2026-09-16 17:05:54,930] 34 src.utils -INFO -KNeighboursClassifier -> Test Accuracy: 0.40
[2026-09-16 17:05:54,930] 43 src.components.model_trainer -INFO -Best Model saved as model.pkl ::: KNeighboursClassifier
[2026-09-16 17:05:54,931] 15 src.utils -INFO -Object saved successfully at : artifacts/model.pkl
[2026-09-16 17:05:54,931] 46 src.components.model_trainer -INFO -Best Model saved: KNeighboursClassifier
[2026-09-16 17:05:54,931] 25 __main__ -INFO -TRAINING PIPELINE COMPLETED | BEST MODEL: KNeighboursClassifier, Accuracy: 0.40
