[2026-09-22 13:58:03,798] 41 main -INFO -Prediction request received :: age70, genderFemale, fever98.0, coughMild,cityBangalore
[2026-09-22 13:58:03,798] 37 src.pipeline.predict_pipeline -INFO -Loading Model and Preprocessor
[2026-09-22 13:58:03,866] 49 src.pipeline.predict_pipeline -INFO -Prediction completed: Negative, confidence_score = 60.0
[2026-09-22 13:58:17,723] 41 main -INFO -Prediction request received :: age25, genderMale, fever105.0, coughMild,cityBangalore
[2026-09-22 13:58:17,723] 37 src.pipeline.predict_pipeline -INFO -Loading Model and Preprocessor
[2026-09-22 13:58:17,728] 49 src.pipeline.predict_pipeline -INFO -Prediction completed: Positive, confidence_score = 80.0
[2026-09-22 13:58:21,757] 41 main -INFO -Prediction request received :: age25, genderMale, fever105.0, coughMild,cityMumbai
[2026-09-22 13:58:21,757] 37 src.pipeline.predict_pipeline -INFO -Loading Model and Preprocessor
[2026-09-22 13:58:21,762] 49 src.pipeline.predict_pipeline -INFO -Prediction completed: Positive, confidence_score = 80.0
[2026-09-22 13:58:25,569] 41 main -INFO -Prediction request received :: age25, genderMale, fever105.0, coughMild,cityDelhi
[2026-09-22 13:58:25,569] 37 src.pipeline.predict_pipeline -INFO -Loading Model and Preprocessor
[2026-09-22 13:58:25,572] 49 src.pipeline.predict_pipeline -INFO -Prediction completed: Positive, confidence_score = 80.0
[2026-09-22 13:58:32,741] 41 main -INFO -Prediction request received :: age25, genderMale, fever120.0, coughMild,cityDelhi
[2026-09-22 13:58:32,741] 37 src.pipeline.predict_pipeline -INFO -Loading Model and Preprocessor
[2026-09-22 13:58:32,749] 49 src.pipeline.predict_pipeline -INFO -Prediction completed: Negative, confidence_score = 60.0
[2026-09-22 13:58:36,686] 41 main -INFO -Prediction request received :: age25, genderMale, fever120.0, coughMild,cityMumbai
[2026-09-22 13:58:36,687] 37 src.pipeline.predict_pipeline -INFO -Loading Model and Preprocessor
[2026-09-22 13:58:36,691] 49 src.pipeline.predict_pipeline -INFO -Prediction completed: Negative, confidence_score = 60.0
[2026-09-22 13:58:40,918] 41 main -INFO -Prediction request received :: age25, genderMale, fever120.0, coughStrong,cityMumbai
[2026-09-22 13:58:40,919] 37 src.pipeline.predict_pipeline -INFO -Loading Model and Preprocessor
[2026-09-22 13:58:40,921] 49 src.pipeline.predict_pipeline -INFO -Prediction completed: Negative, confidence_score = 60.0
[2026-09-22 13:58:46,570] 41 main -INFO -Prediction request received :: age45, genderMale, fever120.0, coughStrong,cityMumbai
[2026-09-22 13:58:46,570] 37 src.pipeline.predict_pipeline -INFO -Loading Model and Preprocessor
[2026-09-22 13:58:46,573] 49 src.pipeline.predict_pipeline -INFO -Prediction completed: Negative, confidence_score = 100.0
[2026-09-22 13:58:52,806] 41 main -INFO -Prediction request received :: age45, genderMale, fever120.0, coughMild,cityMumbai
[2026-09-22 13:58:52,806] 37 src.pipeline.predict_pipeline -INFO -Loading Model and Preprocessor
[2026-09-22 13:58:52,809] 49 src.pipeline.predict_pipeline -INFO -Prediction completed: Negative, confidence_score = 100.0
[2026-09-22 13:59:08,936] 41 main -INFO -Prediction request received :: age45, genderMale, fever112.1, coughStrong,cityMumbai
[2026-09-22 13:59:08,936] 37 src.pipeline.predict_pipeline -INFO -Loading Model and Preprocessor
[2026-09-22 13:59:08,939] 49 src.pipeline.predict_pipeline -INFO -Prediction completed: Negative, confidence_score = 100.0
[2026-09-22 13:59:12,167] 41 main -INFO -Prediction request received :: age45, genderMale, fever112.1, coughStrong,cityDelhi
[2026-09-22 13:59:12,167] 37 src.pipeline.predict_pipeline -INFO -Loading Model and Preprocessor
[2026-09-22 13:59:12,169] 49 src.pipeline.predict_pipeline -INFO -Prediction completed: Negative, confidence_score = 100.0
[2026-09-22 13:59:12,604] 41 main -INFO -Prediction request received :: age45, genderMale, fever112.1, coughStrong,cityDelhi
[2026-09-22 13:59:12,604] 37 src.pipeline.predict_pipeline -INFO -Loading Model and Preprocessor
[2026-09-22 13:59:12,607] 49 src.pipeline.predict_pipeline -INFO -Prediction completed: Negative, confidence_score = 100.0
[2026-09-22 13:59:12,795] 41 main -INFO -Prediction request received :: age45, genderMale, fever112.1, coughStrong,cityDelhi
[2026-09-22 13:59:12,795] 37 src.pipeline.predict_pipeline -INFO -Loading Model and Preprocessor
[2026-09-22 13:59:12,802] 49 src.pipeline.predict_pipeline -INFO -Prediction completed: Negative, confidence_score = 100.0
[2026-09-22 13:59:12,957] 41 main -INFO -Prediction request received :: age45, genderMale, fever112.1, coughStrong,cityDelhi
[2026-09-22 13:59:12,957] 37 src.pipeline.predict_pipeline -INFO -Loading Model and Preprocessor
[2026-09-22 13:59:12,959] 49 src.pipeline.predict_pipeline -INFO -Prediction completed: Negative, confidence_score = 100.0
[2026-09-22 13:59:13,161] 41 main -INFO -Prediction request received :: age45, genderMale, fever112.1, coughStrong,cityDelhi
[2026-09-22 13:59:13,162] 37 src.pipeline.predict_pipeline -INFO -Loading Model and Preprocessor
[2026-09-22 13:59:13,168] 49 src.pipeline.predict_pipeline -INFO -Prediction completed: Negative, confidence_score = 100.0
[2026-09-22 14:02:05,123] 41 main -INFO -Prediction request received :: age45, genderMale, fever112.1, coughStrong,cityDelhi
[2026-09-22 14:02:05,123] 37 src.pipeline.predict_pipeline -INFO -Loading Model and Preprocessor
[2026-09-22 14:02:05,130] 49 src.pipeline.predict_pipeline -INFO -Prediction completed: Negative, confidence_score = 100.0
[2026-09-22 14:02:12,996] 41 main -INFO -Prediction request received :: age45, genderMale, fever112.1, coughStrong,cityDelhi
[2026-09-22 14:02:12,996] 37 src.pipeline.predict_pipeline -INFO -Loading Model and Preprocessor
[2026-09-22 14:02:12,998] 49 src.pipeline.predict_pipeline -INFO -Prediction completed: Negative, confidence_score = 100.0
[2026-09-22 14:02:23,432] 41 main -INFO -Prediction request received :: age62, genderMale, fever112.1, coughStrong,cityDelhi
[2026-09-22 14:02:23,433] 37 src.pipeline.predict_pipeline -INFO -Loading Model and Preprocessor
[2026-09-22 14:02:23,440] 49 src.pipeline.predict_pipeline -INFO -Prediction completed: Negative, confidence_score = 60.0
[2026-09-22 14:02:46,711] 41 main -INFO -Prediction request received :: age62, genderMale, fever104.8, coughStrong,cityDelhi
[2026-09-22 14:02:46,712] 37 src.pipeline.predict_pipeline -INFO -Loading Model and Preprocessor
[2026-09-22 14:02:46,714] 49 src.pipeline.predict_pipeline -INFO -Prediction completed: Negative, confidence_score = 60.0
[2026-09-22 14:02:49,231] 41 main -INFO -Prediction request received :: age62, genderMale, fever104.8, coughStrong,cityDelhi
[2026-09-22 14:02:49,231] 37 src.pipeline.predict_pipeline -INFO -Loading Model and Preprocessor
[2026-09-22 14:02:49,234] 49 src.pipeline.predict_pipeline -INFO -Prediction completed: Negative, confidence_score = 60.0
[2026-09-22 14:02:59,643] 41 main -INFO -Prediction request received :: age62, genderMale, fever104.8, coughStrong,cityMumbai
[2026-09-22 14:02:59,644] 37 src.pipeline.predict_pipeline -INFO -Loading Model and Preprocessor
[2026-09-22 14:02:59,646] 49 src.pipeline.predict_pipeline -INFO -Prediction completed: Negative, confidence_score = 60.0
[2026-09-22 14:03:00,304] 41 main -INFO -Prediction request received :: age62, genderMale, fever104.8, coughStrong,cityMumbai
[2026-09-22 14:03:00,305] 37 src.pipeline.predict_pipeline -INFO -Loading Model and Preprocessor
[2026-09-22 14:03:00,312] 49 src.pipeline.predict_pipeline -INFO -Prediction completed: Negative, confidence_score = 60.0
[2026-09-22 14:03:17,814] 41 main -INFO -Prediction request received :: age26, genderMale, fever98.0, coughStrong,cityMumbai
[2026-09-22 14:03:17,815] 37 src.pipeline.predict_pipeline -INFO -Loading Model and Preprocessor
[2026-09-22 14:03:17,821] 49 src.pipeline.predict_pipeline -INFO -Prediction completed: Positive, confidence_score = 60.0
